// Jest Snapshot v1, https://goo.gl/fbAQLP

exports[`RangeComponent should render the component 1`] = `
<div>
  <label
    for="test"
  >
    Test
  </label>
  <div
    class="sc-bcXHqe iNQVck"
  >
    <span>
      0
    </span>
    <input
      data-testid="test"
      id="test"
      max="100"
      min="0"
      step="1"
      type="range"
      value="0"
    />
    <span>
      100
    </span>
  </div>
</div>
`;
